../Core/Src/main.c:82:5:main	8	static
../Core/Src/main.c:135:6:SystemClock_Config	88	static
../Core/Src/main.c:182:13:MX_ADC1_Init	24	static
../Core/Src/main.c:234:13:MX_TIM1_Init	96	static
../Core/Src/main.c:309:13:MX_TIM2_Init	56	static
../Core/Src/main.c:365:13:MX_USART1_UART_Init	8	static
../Core/Src/main.c:398:13:MX_USART2_UART_Init	8	static
../Core/Src/main.c:431:13:MX_GPIO_Init	48	static
../Core/Src/main.c:476:6:HAL_TIM_PeriodElapsedCallback	32	static
../Core/Src/main.c:503:6:HAL_GPIO_EXTI_Callback	16	static
../Core/Src/main.c:513:6:Error_Handler	4	static,ignoring_inline_asm
