../Core/Src/main.c:83:5:main	8	static
../Core/Src/main.c:140:6:SystemClock_Config	88	static
../Core/Src/main.c:187:13:MX_ADC1_Init	24	static
../Core/Src/main.c:239:13:MX_SPI1_Init	8	static
../Core/Src/main.c:277:13:MX_TIM1_Init	96	static
../Core/Src/main.c:352:13:MX_TIM2_Init	56	static
../Core/Src/main.c:408:13:MX_USART2_UART_Init	8	static
../Core/Src/main.c:441:13:MX_GPIO_Init	48	static
../Core/Src/main.c:484:6:HAL_TIM_PeriodElapsedCallback	24	static
../Core/Src/main.c:507:6:Error_Handler	4	static,ignoring_inline_asm
