../Core/Src/NRF24L01.c:13:6:CS_Select	8	static
../Core/Src/NRF24L01.c:17:6:CS_UnSelect	8	static
../Core/Src/NRF24L01.c:21:6:CE_Enable	8	static
../Core/Src/NRF24L01.c:25:6:CE_Disable	8	static
../Core/Src/NRF24L01.c:29:6:nrf24_WriteReg	24	static
../Core/Src/NRF24L01.c:42:6:nrf24_WriteRegMulti	24	static
../Core/Src/NRF24L01.c:55:9:nrf24_ReadReg	24	static
../Core/Src/NRF24L01.c:69:6:nrf24_ReadRegMulti	24	static
../Core/Src/NRF24L01.c:80:6:nrfsendCmd	16	static
../Core/Src/NRF24L01.c:89:6:NRF24_Init	8	static
../Core/Src/NRF24L01.c:110:6:NRF24_TxMode	24	static
../Core/Src/NRF24L01.c:129:9:NRF24_Transmit	24	static
../Core/Src/NRF24L01.c:154:6:NRF24_RxMode	24	static
../Core/Src/NRF24L01.c:180:9:isDataAvailable	24	static
../Core/Src/NRF24L01.c:193:6:NRF24_Receive	24	static
