22:24:52 **** Incremental Build of configuration Debug for project Sensor ****
make -j8 all 
arm-none-eabi-gcc "../Core/Src/main.c" -mcpu=cortex-m4 -std=gnu11 -g3 -DDEBUG -DUSE_HAL_DRIVER -DSTM32F401xE -c -I../Core/Inc -I../Drivers/STM32F4xx_HAL_Driver/Inc -I../Drivers/STM32F4xx_HAL_Driver/Inc/Legacy -I../Drivers/CMSIS/Device/ST/STM32F4xx/Include -I../Drivers/CMSIS/Include -O0 -ffunction-sections -fdata-sections -Wall -fstack-usage -fcyclomatic-complexity -MMD -MP -MF"Core/Src/main.d" -MT"Core/Src/main.o" --specs=nano.specs -mfpu=fpv4-sp-d16 -mfloat-abi=hard -mthumb -o "Core/Src/main.o"
arm-none-eabi-g++ -o "Sensor.elf" @"objects.list"   -mcpu=cortex-m4 -T"D:\ECE198stm32\Project\Sensor\STM32F401RETX_FLASH.ld" --specs=nosys.specs -Wl,-Map="Sensor.map" -Wl,--gc-sections -static --specs=nano.specs -mfpu=fpv4-sp-d16 -mfloat-abi=hard -mthumb -Wl,--start-group -lc -lm -lstdc++ -lsupc++ -Wl,--end-group
Finished building target: Sensor.elf
 
arm-none-eabi-size  Sensor.elf 
arm-none-eabi-objdump -h -S Sensor.elf  > "Sensor.list"
   text	   data	    bss	    dec	    hex	filename
  16796	     16	   1944	  18756	   4944	Sensor.elf
Finished building: default.size.stdout
 
Finished building: Sensor.list
 

22:24:55 Build Finished. 0 errors, 0 warnings. (took 2s.388ms)

