04:56:40 **** Incremental Build of configuration Debug for project Sensor ****
make -j8 all 
arm-none-eabi-gcc "../Core/Src/main.c" -mcpu=cortex-m4 -std=gnu11 -g3 -DDEBUG -DUSE_HAL_DRIVER -DSTM32F401xE -c -I../Core/Inc -I../Drivers/STM32F4xx_HAL_Driver/Inc -I../Drivers/STM32F4xx_HAL_Driver/Inc/Legacy -I../Drivers/CMSIS/Device/ST/STM32F4xx/Include -I../Drivers/CMSIS/Include -O0 -ffunction-sections -fdata-sections -Wall -fstack-usage -fcyclomatic-complexity -MMD -MP -MF"Core/Src/main.d" -MT"Core/Src/main.o" --specs=nano.specs -mfpu=fpv4-sp-d16 -mfloat-abi=hard -mthumb -o "Core/Src/main.o"
../Core/Src/main.c: In function 'HAL_TIM_PeriodElapsedCallback':
../Core/Src/main.c:495:17: warning: implicit declaration of function 'sprintf' [-Wimplicit-function-declaration]
  495 |                 sprintf(buf, "%d %d\r\n", TIM1->CNT, ADC_Value);
      |                 ^~~~~~~
../Core/Src/main.c:25:1: note: include '<stdio.h>' or provide a declaration of 'sprintf'
   24 | #include "NRF24L01.h"
  +++ |+#include <stdio.h>
   25 | /* USER CODE END Includes */
../Core/Src/main.c:495:17: warning: incompatible implicit declaration of built-in function 'sprintf' [-Wbuiltin-declaration-mismatch]
  495 |                 sprintf(buf, "%d %d\r\n", TIM1->CNT, ADC_Value);
      |                 ^~~~~~~
../Core/Src/main.c:495:17: note: include '<stdio.h>' or provide a declaration of 'sprintf'
../Core/Src/main.c:495:32: warning: format '%d' expects argument of type 'int', but argument 3 has type 'uint32_t' {aka 'long unsigned int'} [-Wformat=]
  495 |                 sprintf(buf, "%d %d\r\n", TIM1->CNT, ADC_Value);
      |                               ~^
      |                                |
      |                                int
      |                               %ld
../Core/Src/main.c:496:48: warning: implicit declaration of function 'strlen' [-Wimplicit-function-declaration]
  496 |                 HAL_UART_Transmit(&huart2,buf, strlen(buf), 1000);
      |                                                ^~~~~~
../Core/Src/main.c:25:1: note: include '<string.h>' or provide a declaration of 'strlen'
   24 | #include "NRF24L01.h"
  +++ |+#include <string.h>
   25 | /* USER CODE END Includes */
../Core/Src/main.c:496:48: warning: incompatible implicit declaration of built-in function 'strlen' [-Wbuiltin-declaration-mismatch]
  496 |                 HAL_UART_Transmit(&huart2,buf, strlen(buf), 1000);
      |                                                ^~~~~~
../Core/Src/main.c:496:48: note: include '<string.h>' or provide a declaration of 'strlen'
../Core/Src/main.c:496:43: warning: pointer targets in passing argument 2 of 'HAL_UART_Transmit' differ in signedness [-Wpointer-sign]
  496 |                 HAL_UART_Transmit(&huart2,buf, strlen(buf), 1000);
      |                                           ^~~
      |                                           |
      |                                           char *
In file included from ../Core/Inc/stm32f4xx_hal_conf.h:411,
                 from ../Drivers/STM32F4xx_HAL_Driver/Inc/stm32f4xx_hal.h:29,
                 from ../Core/Inc/main.h:30,
                 from ../Core/Src/main.c:20:
../Drivers/STM32F4xx_HAL_Driver/Inc/stm32f4xx_hal_uart.h:745:79: note: expected 'const uint8_t *' {aka 'const unsigned char *'} but argument is of type 'char *'
  745 | HAL_StatusTypeDef HAL_UART_Transmit(UART_HandleTypeDef *huart, const uint8_t *pData, uint16_t Size, uint32_t Timeout);
      |                                                                ~~~~~~~~~~~~~~~^~~~~
../Core/Src/main.c:494:26: warning: unused variable 'dust' [-Wunused-variable]
  494 |                 uint16_t dust = 170*3.3*ADC_Value/(0xFFF+1);
      |                          ^~~~
arm-none-eabi-g++ -o "Sensor.elf" @"objects.list"   -mcpu=cortex-m4 -T"D:\ECE198stm32\Project\Sensor\STM32F401RETX_FLASH.ld" --specs=nosys.specs -Wl,-Map="Sensor.map" -Wl,--gc-sections -static --specs=nano.specs -mfpu=fpv4-sp-d16 -mfloat-abi=hard -mthumb -Wl,--start-group -lc -lm -lstdc++ -lsupc++ -Wl,--end-group
Finished building target: Sensor.elf
 
arm-none-eabi-size  Sensor.elf 
arm-none-eabi-objdump -h -S Sensor.elf  > "Sensor.list"
   text	   data	    bss	    dec	    hex	filename
  25008	    116	   2276	  27400	   6b08	Sensor.elf
Finished building: default.size.stdout
 
Finished building: Sensor.list
 

04:56:41 Build Finished. 0 errors, 7 warnings. (took 870ms)

